Microchip MPLAB XC8 Compiler V2.32

Linker command line:

-W-3 --edf=C:\Program Files\Microchip\xc8\v2.32\pic\dat\en_msgs.txt -cn \
  -h+dist/default/production\PrintMessageUART.X.production.sym \
  --cmf=dist/default/production\PrintMessageUART.X.production.cmf -z \
  -Q18F16Q41 -oC:\Users\baugu\AppData\Local\Temp\xcAs8hc.4 \
  --defsym=__MPLAB_BUILD=1 \
  -Mdist/default/production/PrintMessageUART.X.production.map -E1 \
  -ver=XC8 Compiler --acfsm=1493 -ASTACK=0560h-015FFh -pstack=STACK \
  -ACODE=00h-0FFFFh -ACONST=00h-0FFFFh -ASMALLCONST=01600h-016FFhx234 \
  -AMEDIUMCONST=01600h-0FFFFh -ACOMRAM=0501h-055Fh -AABS1=0500h-015FFh \
  -ABIGRAM=0501h-015FFh -ARAM=0560h-05FFh,0600h-06FFhx16 \
  -ABANK5=0560h-05FFh -ABANK6=0600h-06FFh -ABANK7=0700h-07FFh \
  -ABANK8=0800h-08FFh -ABANK9=0900h-09FFh -ABANK10=0A00h-0AFFh \
  -ABANK11=0B00h-0BFFh -ABANK12=0C00h-0CFFh -ABANK13=0D00h-0DFFh \
  -ABANK14=0E00h-0EFFh -ABANK15=0F00h-0FFFh -ABANK16=01000h-010FFh \
  -ABANK17=01100h-011FFh -ABANK18=01200h-012FFh -ABANK19=01300h-013FFh \
  -ABANK20=01400h-014FFh -ABANK21=01500h-015FFh \
  -ASFR=00h-0FFhx4,0400h-045Fh,0460h-04FFh -ACONFIG=0300000h-0300011h \
  -AIDLOC=0200000h-020001Fh -AEEDATA=0380000h-03801FFh -peeprom_data=EEDATA \
  -preset_vec=00h -ppowerup=CODE,init -pramtop=01600h \
  -psmallconst=SMALLCONST -pmediumconst=MEDIUMCONST -pconst=CONST \
  -AFARRAM=00h-00h \
  -prdata=COMRAM,nvrram=COMRAM,nvbit=COMRAM,rbss=COMRAM,rbit=COMRAM \
  -pfarbss=FARRAM,fardata=FARRAM,nvFARRAM=FARRAM \
  -pintsave_regs=BIGRAM,bigbss=BIGRAM,bigdata=BIGRAM -pbss=RAM \
  -pidata=CODE,irdata=CODE,ibigdata=CODE,ifardata=CODE -prparam=COMRAM \
  C:\Users\baugu\AppData\Local\Temp\xcAs8hc.o \
  dist/default/production\PrintMessageUART.X.production.o 

Object code version is 3.11

Machine type is 18F16Q41



                Name                               Link     Load   Length Selector   Space Scale
C:\Users\baugu\AppData\Local\Temp\xcAs8hc.o
                idloc                            200000   200000       20        0       5
                config                           300000   300000        A        0       4
                init                               FFFC     FFFC        4     7FFE       0
                reset_vec                             0        0        4        0       0
dist/default/production\PrintMessageUART.X.production.o
                idloc                            200000   200000       20        0       5
                config                           300000   300000        A        0       4
                smallconst                         1600     1600       12      B00       0
                text14                             196E     196E       1C      B09       0
                text13                             1880     1880       5C      B09       0
                text12                             1952     1952       1C      B09       0
                text11                             19E4     19E4        A      B09       0
                text10                             19DA     19DA        A      B09       0
                text9                              19D0     19D0        A      B09       0
                text8                              17B4     17B4       68      B09       0
                text7                              19B4     19B4       12      B09       0
                text6                              198A     198A       18      B09       0
                text5                              19C6     19C6        A      B09       0
                text4                              171E     171E       96      B09       0
                text3                              1612     1612      10C      B09       0
                text2                              181C     181C       64      B09       0
                text1                              192C     192C       26      B09       0
                text0                              18DC     18DC       50      B09       0
                cstackCOMRAM                        52A      52A       1F      501       1
                bssCOMRAM                           501      501       29      501       1
                cinit                              19A2     19A2       12      B09       0
                nvCOMRAM                            549      549        6      501       1

TOTAL           Name                               Link     Load   Length     Space
        CLASS   STACK          

        CLASS   CODE           
                init                               FFFC     FFFC        4         0
                reset_vec                             0        0        4         0
                text14                             196E     196E       1C         0
                text13                             1880     1880       5C         0
                text12                             1952     1952       1C         0
                text11                             19E4     19E4        A         0
                text10                             19DA     19DA        A         0
                text9                              19D0     19D0        A         0
                text8                              17B4     17B4       68         0
                text7                              19B4     19B4       12         0
                text6                              198A     198A       18         0
                text5                              19C6     19C6        A         0
                text4                              171E     171E       96         0
                text3                              1612     1612      10C         0
                text2                              181C     181C       64         0
                text1                              192C     192C       26         0
                text0                              18DC     18DC       50         0
                cinit                              19A2     19A2       12         0

        CLASS   CONST          

        CLASS   SMALLCONST     
                smallconst                         1600     1600       12         0

        CLASS   MEDIUMCONST    

        CLASS   COMRAM         
                cstackCOMRAM                        52A      52A       1F         1
                bssCOMRAM                           501      501       29         1
                nvCOMRAM                            549      549        6         1

        CLASS   ABS1           

        CLASS   BIGRAM         

        CLASS   RAM            

        CLASS   BANK5          

        CLASS   BANK6          

        CLASS   BANK7          

        CLASS   BANK8          

        CLASS   BANK9          

        CLASS   BANK10         

        CLASS   BANK11         

        CLASS   BANK12         

        CLASS   BANK13         

        CLASS   BANK14         

        CLASS   BANK15         

        CLASS   BANK16         

        CLASS   BANK17         

        CLASS   BANK18         

        CLASS   BANK19         

        CLASS   BANK20         

        CLASS   BANK21         

        CLASS   SFR            

        CLASS   CONFIG         
                config                           300000   300000        A         4

        CLASS   IDLOC          
                idloc                            200000   200000       20         5

        CLASS   EEDATA         

        CLASS   FARRAM         



SEGMENTS        Name                           Load    Length   Top    Selector   Space  Class

                reset_vec                      000000  000004  000004         0       0  CODE    
                bssCOMRAM                      000501  00004E  00054F       501       1  COMRAM  
                smallconst                     001600  000012  001612       B00       0  SMALLCON
                text3                          001612  0003DC  0019EE       B09       0  CODE    
                init                           00FFFC  000004  010000      7FFE       0  CODE    


UNUSED ADDRESS RANGES

        Name                Unused          Largest block    Delta
        BANK10           000A00-000AFF              100
        BANK11           000B00-000BFF              100
        BANK12           000C00-000CFF              100
        BANK13           000D00-000DFF              100
        BANK14           000E00-000EFF              100
        BANK15           000F00-000FFF              100
        BANK16           001000-0010FF              100
        BANK17           001100-0011FF              100
        BANK18           001200-0012FF              100
        BANK19           001300-0013FF              100
        BANK20           001400-0014FF              100
        BANK21           001500-0015FF              100
        BANK5            000560-0005FF               A0
        BANK6            000600-0006FF              100
        BANK7            000700-0007FF              100
        BANK8            000800-0008FF              100
        BANK9            000900-0009FF              100
        BIGRAM           00054F-0015FF             10B1
        CODE             000004-0015FF             15FC
                         0019EE-00FFFB             E60E
        COMRAM           00054F-00055F               11
        CONFIG           30000A-300011                8
        CONST            000004-0015FF             15FC
                         0019EE-00FFFB             E60E
        EEDATA           380000-3801FF              200
        MEDIUMCONST      0019EE-00FFFB             E60E
        RAM              000560-0015FF              100
        SFR              000000-0004FF              100
        SMALLCONST       0019EE-00FFFB              100
        STACK            000560-0015FF             10A0

                                  Symbol Table

?_printf                                      cstackCOMRAM 000543
?_vfpfcnvrt                                   cstackCOMRAM 000535
?_vfprintf                                    cstackCOMRAM 00053B
UART1_SetErrorHandler@interruptHandler        cstackCOMRAM 00052A
UART1_SetFramingErrorHandler@interruptHandler cstackCOMRAM 00052A
UART1_SetOverrunErrorHandler@interruptHandler cstackCOMRAM 00052A
UART1_Write@txData                            cstackCOMRAM 00052A
_ACTCON                                       (abs)        0000AC
_ANSELA                                       (abs)        000400
_ANSELB                                       (abs)        000408
_ANSELC                                       (abs)        000410
_INLVLA                                       (abs)        000404
_INLVLB                                       (abs)        00040C
_INLVLC                                       (abs)        000414
_LATA                                         (abs)        0004BE
_LATB                                         (abs)        0004BF
_LATC                                         (abs)        0004C0
_LATCbits                                     (abs)        0004C0
_ODCONA                                       (abs)        000402
_ODCONB                                       (abs)        00040A
_ODCONC                                       (abs)        000412
_OSCCON1                                      (abs)        0000AD
_OSCCON3                                      (abs)        0000AF
_OSCEN                                        (abs)        0000B3
_OSCFRQ                                       (abs)        0000B1
_OSCILLATOR_Initialize                        text14       00196E
_OSCTUNE                                      (abs)        0000B0
_PIN_MANAGER_Initialize                       text13       001880
_PIR4bits                                     (abs)        0004B7
_PMD0                                         (abs)        000063
_PMD1                                         (abs)        000064
_PMD2                                         (abs)        000065
_PMD3                                         (abs)        000066
_PMD4                                         (abs)        000067
_PMD5                                         (abs)        000068
_PMD_Initialize                               text12       001952
_RB7PPS                                       (abs)        000210
_SLRCONA                                      (abs)        000403
_SLRCONB                                      (abs)        00040B
_SLRCONC                                      (abs)        000413
_SYSTEM_Initialize                            text7        0019B4
_TRISA                                        (abs)        0004C6
_TRISB                                        (abs)        0004C7
_TRISC                                        (abs)        0004C8
_U1BRGH                                       (abs)        0002AF
_U1BRGL                                       (abs)        0002AE
_U1CON0                                       (abs)        0002AB
_U1CON0bits                                   (abs)        0002AB
_U1CON1                                       (abs)        0002AC
_U1CON2                                       (abs)        0002AD
_U1ERRIE                                      (abs)        0002B3
_U1ERRIR                                      (abs)        0002B2
_U1ERRIRbits                                  (abs)        0002B2
_U1FIFO                                       (abs)        0002B0
_U1P1H                                        (abs)        0002A6
_U1P1L                                        (abs)        0002A5
_U1P2H                                        (abs)        0002A8
_U1P2L                                        (abs)        0002A7
_U1P3H                                        (abs)        0002AA
_U1P3L                                        (abs)        0002A9
_U1RXB                                        (abs)        0002A1
_U1RXPPS                                      (abs)        000272
_U1TXB                                        (abs)        0002A3
_U1UIR                                        (abs)        0002B1
_UART1_DefaultErrorHandler                    (abs)        000000
_UART1_DefaultFramingErrorHandler             (abs)        000000
_UART1_DefaultOverrunErrorHandler             (abs)        000000
_UART1_ErrorHandler                           nvCOMRAM     000549
_UART1_FramingErrorHandler                    nvCOMRAM     00054D
_UART1_Initialize                             text8        0017B4
_UART1_OverrunErrorHandler                    nvCOMRAM     00054B
_UART1_SetErrorHandler                        text11       0019E4
_UART1_SetFramingErrorHandler                 text10       0019DA
_UART1_SetOverrunErrorHandler                 text9        0019D0
_UART1_Write                                  text6        00198A
_WPUA                                         (abs)        000401
_WPUB                                         (abs)        000409
_WPUC                                         (abs)        000411
__HRAM                                        (abs)        000000
__Habs1                                       abs1         000000
__Hbank10                                     bank10       000000
__Hbank11                                     bank11       000000
__Hbank12                                     bank12       000000
__Hbank13                                     bank13       000000
__Hbank14                                     bank14       000000
__Hbank15                                     bank15       000000
__Hbank16                                     bank16       000000
__Hbank17                                     bank17       000000
__Hbank18                                     bank18       000000
__Hbank19                                     bank19       000000
__Hbank20                                     bank20       000000
__Hbank21                                     bank21       000000
__Hbank5                                      bank5        000000
__Hbank6                                      bank6        000000
__Hbank7                                      bank7        000000
__Hbank8                                      bank8        000000
__Hbank9                                      bank9        000000
__Hbigbss                                     bigbss       000000
__Hbigdata                                    bigdata      000000
__Hbigram                                     bigram       000000
__Hbss                                        bss          000000
__HbssCOMRAM                                  bssCOMRAM    000000
__Hcinit                                      cinit        000000
__Hclrtext                                    clrtext      000000
__Hcomram                                     comram       000000
__Hconfig                                     config       30000A
__Hconst                                      const        000000
__HcstackCOMRAM                               cstackCOMRAM 000000
__Hdata                                       data         000000
__Heeprom_data                                eeprom_data  000000
__Hfarbss                                     farbss       000000
__Hfardata                                    fardata      000000
__Hibigdata                                   ibigdata     000000
__Hidata                                      idata        000000
__Hidloc                                      idloc        200020
__Hifardata                                   ifardata     000000
__Hinit                                       init         010000
__Hintsave_regs                               intsave_regs 000000
__Hirdata                                     irdata       000000
__Hmediumconst                                mediumconst  000000
__HnvCOMRAM                                   nvCOMRAM     000000
__HnvFARRAM                                   nvFARRAM     000000
__Hnvbit                                      nvbit        000000
__Hnvrram                                     nvrram       000000
__Hparam                                      rparam       000000
__Hpowerup                                    powerup      000000
__Hram                                        ram          000000
__Hramtop                                     ramtop       001600
__Hrbit                                       rbit         000000
__Hrbss                                       rbss         000000
__Hrdata                                      rdata        000000
__Hreset_vec                                  reset_vec    000004
__Hrparam                                     rparam       000000
__Hsfr                                        sfr          000000
__Hsmallconst                                 smallconst   001612
__Hspace_0                                    (abs)        010000
__Hspace_1                                    (abs)        00054F
__Hspace_2                                    (abs)        000000
__Hspace_4                                    (abs)        60000A
__Hstack                                      stack        000000
__Hstruct                                     struct       000000
__Htemp                                       temp         000000
__Htext                                       text         000000
__Htext0                                      text0        000000
__Htext1                                      text1        000000
__Htext10                                     text10       000000
__Htext11                                     text11       000000
__Htext12                                     text12       000000
__Htext13                                     text13       000000
__Htext14                                     text14       000000
__Htext2                                      text2        000000
__Htext3                                      text3        000000
__Htext4                                      text4        000000
__Htext5                                      text5        000000
__Htext6                                      text6        000000
__Htext7                                      text7        000000
__Htext8                                      text8        000000
__Htext9                                      text9        000000
__LRAM                                        (abs)        000001
__Labs1                                       abs1         000000
__Lbank10                                     bank10       000000
__Lbank11                                     bank11       000000
__Lbank12                                     bank12       000000
__Lbank13                                     bank13       000000
__Lbank14                                     bank14       000000
__Lbank15                                     bank15       000000
__Lbank16                                     bank16       000000
__Lbank17                                     bank17       000000
__Lbank18                                     bank18       000000
__Lbank19                                     bank19       000000
__Lbank20                                     bank20       000000
__Lbank21                                     bank21       000000
__Lbank5                                      bank5        000000
__Lbank6                                      bank6        000000
__Lbank7                                      bank7        000000
__Lbank8                                      bank8        000000
__Lbank9                                      bank9        000000
__Lbigbss                                     bigbss       000000
__Lbigdata                                    bigdata      000000
__Lbigram                                     bigram       000000
__Lbss                                        bss          000000
__LbssCOMRAM                                  bssCOMRAM    000000
__Lcinit                                      cinit        000000
__Lclrtext                                    clrtext      000000
__Lcomram                                     comram       000000
__Lconfig                                     config       000000
__Lconst                                      const        000000
__LcstackCOMRAM                               cstackCOMRAM 000000
__Ldata                                       data         000000
__Leeprom_data                                eeprom_data  000000
__Lfarbss                                     farbss       000000
__Lfardata                                    fardata      000000
__Libigdata                                   ibigdata     000000
__Lidata                                      idata        000000
__Lidloc                                      idloc        000000
__Lifardata                                   ifardata     000000
__Linit                                       init         00FFFC
__Lintsave_regs                               intsave_regs 000000
__Lirdata                                     irdata       000000
__Lmediumconst                                mediumconst  000000
__LnvCOMRAM                                   nvCOMRAM     000000
__LnvFARRAM                                   nvFARRAM     000000
__Lnvbit                                      nvbit        000000
__Lnvrram                                     nvrram       000000
__Lparam                                      rparam       000000
__Lpowerup                                    powerup      000000
__Lram                                        ram          000000
__Lramtop                                     ramtop       001600
__Lrbit                                       rbit         000000
__Lrbss                                       rbss         000000
__Lrdata                                      rdata        000000
__Lreset_vec                                  reset_vec    000000
__Lrparam                                     rparam       000000
__Lsfr                                        sfr          000000
__Lsmallconst                                 smallconst   001600
__Lspace_0                                    (abs)        000000
__Lspace_1                                    (abs)        000000
__Lspace_2                                    (abs)        000000
__Lspace_4                                    (abs)        000000
__Lstack                                      stack        000000
__Lstruct                                     struct       000000
__Ltemp                                       temp         000000
__Ltext                                       text         000000
__Ltext0                                      text0        000000
__Ltext1                                      text1        000000
__Ltext10                                     text10       000000
__Ltext11                                     text11       000000
__Ltext12                                     text12       000000
__Ltext13                                     text13       000000
__Ltext14                                     text14       000000
__Ltext2                                      text2        000000
__Ltext3                                      text3        000000
__Ltext4                                      text4        000000
__Ltext5                                      text5        000000
__Ltext6                                      text6        000000
__Ltext7                                      text7        000000
__Ltext8                                      text8        000000
__Ltext9                                      text9        000000
__S0                                          (abs)        010000
__S1                                          (abs)        00054F
__S2                                          (abs)        000000
__S4                                          (abs)        000000
__S5                                          (abs)        000000
___inthi_sp                                   stack        000000
___intlo_sp                                   stack        000000
___param_bank                                 (abs)        000000
___rparam_used                                (abs)        000001
___sp                                         stack        000000
__accesstop                                   (abs)        000560
__activetblptr                                (abs)        000003
__end_of_OSCILLATOR_Initialize                text14       00198A
__end_of_PIN_MANAGER_Initialize               text13       0018DC
__end_of_PMD_Initialize                       text12       00196E
__end_of_SYSTEM_Initialize                    text7        0019C6
__end_of_UART1_Initialize                     text8        00181C
__end_of_UART1_SetErrorHandler                text11       0019EE
__end_of_UART1_SetFramingErrorHandler         text10       0019E4
__end_of_UART1_SetOverrunErrorHandler         text9        0019DA
__end_of_UART1_Write                          text6        0019A2
__end_of__initialization                      cinit        0019AE
__end_of_fputc                                text4        0017B4
__end_of_main                                 text0        00192C
__end_of_printf                               text1        001952
__end_of_putch                                text5        0019D0
__end_of_vfpfcnvrt                            text3        00171E
__end_of_vfprintf                             text2        001880
__initialization                              cinit        0019A2
__mediumconst                                 mediumconst  000000
__pbssCOMRAM                                  bssCOMRAM    000501
__pcinit                                      cinit        0019A2
__pcstackCOMRAM                               cstackCOMRAM 00052A
__pnvCOMRAM                                   nvCOMRAM     000549
__psmallconst                                 smallconst   001600
__ptext0                                      text0        0018DC
__ptext1                                      text1        00192C
__ptext10                                     text10       0019DA
__ptext11                                     text11       0019E4
__ptext12                                     text12       001952
__ptext13                                     text13       001880
__ptext14                                     text14       00196E
__ptext2                                      text2        00181C
__ptext3                                      text3        001612
__ptext4                                      text4        00171E
__ptext5                                      text5        0019C6
__ptext6                                      text6        00198A
__ptext7                                      text7        0019B4
__ptext8                                      text8        0017B4
__ptext9                                      text9        0019D0
__ramtop                                      ramtop       001600
__size_of_OSCILLATOR_Initialize               (abs)        000000
__size_of_PIN_MANAGER_Initialize              (abs)        000000
__size_of_PMD_Initialize                      (abs)        000000
__size_of_SYSTEM_Initialize                   (abs)        000000
__size_of_UART1_Initialize                    (abs)        000000
__size_of_UART1_SetErrorHandler               (abs)        000000
__size_of_UART1_SetFramingErrorHandler        (abs)        000000
__size_of_UART1_SetOverrunErrorHandler        (abs)        000000
__size_of_UART1_Write                         (abs)        000000
__size_of_fputc                               (abs)        000000
__size_of_main                                (abs)        000000
__size_of_printf                              (abs)        000000
__size_of_putch                               (abs)        000000
__size_of_vfpfcnvrt                           (abs)        000000
__size_of_vfprintf                            (abs)        000000
__smallconst                                  smallconst   001600
_flags                                        bssCOMRAM    000527
_fputc                                        text4        00171E
_main                                         text0        0018DC
_nout                                         bssCOMRAM    000521
_prec                                         bssCOMRAM    000525
_printf                                       text1        00192C
_putch                                        text5        0019C6
_uart1RxLastError                             bssCOMRAM    000529
_vfpfcnvrt                                    text3        001612
_vfprintf                                     text2        00181C
_width                                        bssCOMRAM    000523
end_of_initialization                         cinit        0019AE
fputc@c                                       cstackCOMRAM 00052C
fputc@fp                                      cstackCOMRAM 00052E
intlevel0                                     text         000000
intlevel1                                     text         000000
intlevel2                                     text         000000
intlevel3                                     text         000000
isa$std                                       (abs)        000001
isa$xinst                                     (abs)        000000
printf@ap                                     cstackCOMRAM 000545
printf@fmt                                    cstackCOMRAM 000543
putch@txData                                  cstackCOMRAM 00052B
stackhi                                       (abs)        0015FF
stacklo                                       (abs)        000560
start                                         init         00FFFC
start_initialization                          cinit        0019A2
vfpfcnvrt@ap                                  cstackCOMRAM 000539
vfpfcnvrt@fmt                                 cstackCOMRAM 000537
vfpfcnvrt@fp                                  cstackCOMRAM 000535
vfprintf@ap                                   cstackCOMRAM 00053F
vfprintf@cfmt                                 cstackCOMRAM 000541
vfprintf@fmt                                  cstackCOMRAM 00053D
vfprintf@fp                                   cstackCOMRAM 00053B


MODULE INFORMATION

Module		Function		Class		Link	Load	Size
C:\Program Files\Microchip\xc8\v2.32\pic\sources\c99\common\doprnt.c
		_vfpfcnvrt     		CODE           	1612	0000	268
		_vfprintf      		CODE           	181C	0000	100

C:\Program Files\Microchip\xc8\v2.32\pic\sources\c99\common\doprnt.c estimated size: 368

mcc_generated_files/pin_manager.c
		_PIN_MANAGER_Initialize		CODE           	1880	0000	92

mcc_generated_files/pin_manager.c estimated size: 92

mcc_generated_files/uart1.c
		_UART1_Write   		CODE           	198A	0000	24
		_putch         		CODE           	19C6	0000	10
		_UART1_SetFramingErrorHandler		CODE           	19DA	0000	10
		_UART1_SetOverrunErrorHandler		CODE           	19D0	0000	10
		_UART1_Initialize		CODE           	17B4	0000	104
		_UART1_SetErrorHandler		CODE           	19E4	0000	10

mcc_generated_files/uart1.c estimated size: 168

shared
		__initialization		CODE           	19A2	0000	12

shared estimated size: 12

mcc_generated_files/mcc.c
		_PMD_Initialize		CODE           	1952	0000	28
		_OSCILLATOR_Initialize		CODE           	196E	0000	28
		_SYSTEM_Initialize		CODE           	19B4	0000	18

mcc_generated_files/mcc.c estimated size: 74

C:\Program Files\Microchip\xc8\v2.32\pic\sources\c99\common\printf.c
		_printf        		CODE           	192C	0000	38

C:\Program Files\Microchip\xc8\v2.32\pic\sources\c99\common\printf.c estimated size: 38

C:\Program Files\Microchip\xc8\v2.32\pic\sources\c99\common\nf_fputc.c
		_fputc         		CODE           	171E	0000	150

C:\Program Files\Microchip\xc8\v2.32\pic\sources\c99\common\nf_fputc.c estimated size: 150

main.c
		_main          		CODE           	18DC	0000	80

main.c estimated size: 80

